******************************************************************************
             TMS320C2000 Linker PC v22.6.1                     
******************************************************************************
>> Linked Fri May 30 21:50:47 2025

OUTPUT FILE NAME:   <pwm_sim.out>
ENTRY POINT SYMBOL: "code_start"  address: 00000000


MEMORY CONFIGURATION

         name            origin    length      used     unused   attr    fill
----------------------  --------  ---------  --------  --------  ----  --------
PAGE 0:
  BEGIN                 00000000   00000002  00000002  00000000  RWIX
  RAMM0                 00000123   000002dd  00000022  000002bb  RWIX
  RAMLS0                00008000   00000800  000006d5  0000012b  RWIX
  RAMLS1                00008800   00000800  00000000  00000800  RWIX
  RAMLS2                00009000   00000800  00000000  00000800  RWIX
  RAMLS3                00009800   00000800  00000000  00000800  RWIX
  RAMLS4                0000a000   00000800  00000000  00000800  RWIX
  RAMD0                 0000b000   00000800  00000800  00000000  RWIX
  FLASHA                00080002   00001ffe  00000000  00001ffe  RWIX
  FLASHB                00082000   00002000  00000000  00002000  RWIX
  FLASHC                00084000   00002000  00000000  00002000  RWIX
  FLASHD                00086000   00002000  00000000  00002000  RWIX
  FLASHE                00088000   00008000  00000000  00008000  RWIX
  FLASHF                00090000   00008000  00000000  00008000  RWIX
  FLASHG                00098000   00008000  00000000  00008000  RWIX
  FLASHH                000a0000   00008000  00000000  00008000  RWIX
  FLASHI                000a8000   00008000  00000000  00008000  RWIX
  FLASHJ                000b0000   00008000  00000000  00008000  RWIX
  FLASHK                000b8000   00002000  00000000  00002000  RWIX
  FLASHL                000ba000   00002000  00000000  00002000  RWIX
  FLASHM                000bc000   00002000  00000000  00002000  RWIX
  FLASHN                000be000   00001ff0  00000000  00001ff0  RWIX
  RESET                 003fffc0   00000002  00000000  00000002  RWIX

PAGE 1:
  BOOT_RSVD             00000002   00000121  00000000  00000121  RWIX
  RAMM1                 00000400   000003f8  00000100  000002f8  RWIX
  RAMLS5                0000a800   00000800  000001f8  00000608  RWIX
  RAMD1                 0000b800   00000800  00000000  00000800  RWIX
  RAMGS0                0000c000   00001000  00000000  00001000  RWIX
  RAMGS1                0000d000   00001000  00000000  00001000  RWIX
  RAMGS2                0000e000   00001000  00000000  00001000  RWIX
  RAMGS3                0000f000   00001000  00000000  00001000  RWIX
  RAMGS4                00010000   00001000  00000000  00001000  RWIX
  RAMGS5                00011000   00001000  00000000  00001000  RWIX
  RAMGS6                00012000   00001000  00000000  00001000  RWIX
  RAMGS7                00013000   00001000  00000000  00001000  RWIX
  RAMGS8                00014000   00001000  00000000  00001000  RWIX
  RAMGS9                00015000   00001000  00000000  00001000  RWIX
  RAMGS10               00016000   00001000  00000000  00001000  RWIX
  RAMGS11               00017000   00001000  00000000  00001000  RWIX
  RAMGS12               00018000   00001000  00000000  00001000  RWIX
  RAMGS13               00019000   00001000  00000000  00001000  RWIX
  RAMGS14               0001a000   00001000  00000000  00001000  RWIX
  RAMGS15               0001b000   00000ff8  00000000  00000ff8  RWIX
  CPU2TOCPU1RAM         0003f800   00000400  00000000  00000400  RWIX
  CPU1TOCPU2RAM         0003fc00   00000400  00000000  00000400  RWIX
  CANA_MSG_RAM          00049000   00000800  00000000  00000800  RWIX
  CANB_MSG_RAM          0004b000   00000800  00000000  00000800  RWIX


SECTION ALLOCATION MAP

 output                                  attributes/
section   page    origin      length       input sections
--------  ----  ----------  ----------   ----------------
codestart 
*          0    00000000    00000002     
                  00000000    00000002     F2837xD_CodeStartBranch.obj (codestart)

.cinit     0    00000128    0000001e     
                  00000128    0000000c     (.cinit..data.load) [load image, compression = lzss]
                  00000134    00000006     (__TI_handler_table)
                  0000013a    00000004     (.cinit..bss.load) [load image, compression = zero_init]
                  0000013e    00000008     (__TI_cinit_table)

.reset     0    003fffc0    00000000     DSECT

.stack     1    00000400    00000100     UNINITIALIZED
                  00000400    00000100     --HOLE--

.bss       1    0000a9f6    00000002     UNINITIALIZED
                  0000a9f6    00000002     pwm_sim.obj (.bss)

.init_array 
*          0    00000123    00000000     UNINITIALIZED

.const     1    0000a800    000001e2     
                  0000a800    000000c2     driverlib_eabi.lib : sysctl.obj (.const:.string)
                  0000a8c2    000000bc                        : gpio.obj (.const:.string)
                  0000a97e    00000044     pwm_sim.obj (.const:.string)
                  0000a9c2    00000013     device.obj (.const:.string)
                  0000a9d5    00000001     --HOLE-- [fill = 0]
                  0000a9d6    0000000c     pwm_sim.obj (.const)

.data      1    0000a9e2    00000014     UNINITIALIZED
                  0000a9e2    00000006     device.obj (.data)
                  0000a9e8    00000006     rts2800_fpu32_eabi.lib : exit.c.obj (.data)
                  0000a9ee    00000004     pwm_sim.obj (.data)
                  0000a9f2    00000002     rts2800_fpu32_eabi.lib : _lock.c.obj (.data:_lock)
                  0000a9f4    00000002                            : _lock.c.obj (.data:_unlock)

.TI.ramfunc 
*          0    00000123    00000004     
                  00000123    00000004     driverlib_eabi.lib : sysctl.obj (.TI.ramfunc)

GETBUFFER 
*          0    0003f800    00000000     DSECT

GETWRITEIDX 
*          0    0003f800    00000000     DSECT

PUTREADIDX 
*          0    0003f800    00000000     DSECT

.text.1    0    00008000    000006d5     
                  00008000    0000009c     rts2800_fpu32_eabi.lib : fd_add28.asm.obj (.text)
                  0000809c    00000090     driverlib_eabi.lib : sysctl.obj (.text:SysCtl_selectXTAL)
                  0000812c    0000008b     rts2800_fpu32_eabi.lib : fd_div28.asm.obj (.text)
                  000081b7    00000088                            : fs_div28.asm.obj (.text)
                  0000823f    00000068     driverlib_eabi.lib : sysctl.obj (.text:SysCtl_getDeviceParametric)
                  000082a7    00000051                        : sysctl.obj (.text:SysCtl_getClock)
                  000082f8    00000048                        : sysctl.obj (.text:SysCtl_selectOscSource)
                  00008340    0000003d                        : interrupt.obj (.text:Interrupt_initModule)
                  0000837d    00000037                        : gpio.obj (.text:GPIO_setControllerCore)
                  000083b4    00000037                        : gpio.obj (.text:GPIO_setPinConfig)
                  000083eb    00000037                        : gpio.obj (.text:GPIO_setQualificationMode)
                  00008422    00000031                        : gpio.obj (.text:GPIO_setDirectionMode)
                  00008453    00000030     rts2800_fpu32_eabi.lib : copy_decompress_lzss.c.obj (.text:decompress:lzss)
                  00008483    0000002b                            : autoinit.c.obj (.text:__TI_auto_init_nobinit_nopinit)
                  000084ae    00000029                            : exit.c.obj (.text)
                  000084d7    00000028     driverlib_eabi.lib : sysctl.obj (.text:CPUTimer_selectClockSource)
                  000084ff    0000001f                        : sysctl.obj (.text:CPUTimer_getTimerOverflowStatus)
                  0000851e    0000001e                        : interrupt.obj (.text:Interrupt_initVectorTable)
                  0000853c    0000001d     rts2800_fpu32_eabi.lib : memcpy.c.obj (.text)
                  00008559    0000001b                            : fd_toul28.asm.obj (.text)
                  00008574    0000001a     driverlib_eabi.lib : sysctl.obj (.text:CPUTimer_startTimer)
                  0000858e    0000001a                        : sysctl.obj (.text:SysCtl_getLowSpeedClock)
                  000085a8    00000017                        : sysctl.obj (.text:CPUTimer_isBaseValid)
                  000085bf    00000017     rts2800_fpu32_eabi.lib : boot28.asm.obj (.text)
                  000085d6    00000017                            : u_tofd28.asm.obj (.text)
                  000085ed    00000016     driverlib_eabi.lib : interrupt.obj (.text:Interrupt_defaultHandler)
                  00008603    00000014                        : sysctl.obj (.text:CPUTimer_stopTimer)
                  00008617    00000012                        : sysctl.obj (.text:CPUTimer_disableInterrupt)
                  00008629    00000011                        : sysctl.obj (.text:CPUTimer_setPeriod)
                  0000863a    0000000f                        : sysctl.obj (.text:SysCtl_pollCpuTimer)
                  00008649    0000000e                        : gpio.obj (.text:GPIO_isPinValid)
                  00008657    0000000e     rts2800_fpu32_eabi.lib : fd_sub28.asm.obj (.text)
                  00008665    0000000d     driverlib_eabi.lib : interrupt.obj (.text:Interrupt_disableGlobal)
                  00008672    0000000d     rts2800_fpu32_eabi.lib : copy_zero_init.c.obj (.text:decompress:ZI:__TI_zero_init_nomemset)
                  0000867f    0000000c                            : args_main.c.obj (.text)
                  0000868b    0000000b     driverlib_eabi.lib : sysctl.obj (.text:SysCtl_isMCDClockFailureDetected)
                  00008696    0000000a                        : interrupt.obj (.text:Interrupt_illegalOperationHandler)
                  000086a0    0000000a                        : interrupt.obj (.text:Interrupt_nmiHandler)
                  000086aa    00000009                        : sysctl.obj (.text:SysCtl_serviceWatchdog)
                  000086b3    00000009     rts2800_fpu32_eabi.lib : _lock.c.obj (.text)
                  000086bc    00000008     F2837xD_CodeStartBranch.obj (.text)
                  000086c4    00000008     rts2800_fpu32_eabi.lib : copy_decompress_none.c.obj (.text:decompress:none)
                  000086cc    00000007     driverlib_eabi.lib : sysctl.obj (.text:SysCtl_resetMCD)
                  000086d3    00000002     rts2800_fpu32_eabi.lib : pre_init.c.obj (.text)

.text.2    0    0000b000    00000800     
                  0000b000    000003ff     device.obj (.text)
                  0000b3ff    00000209     driverlib_eabi.lib : sysctl.obj (.text:SysCtl_setClock)
                  0000b608    00000193     pwm_sim.obj (.text)
                  0000b79b    00000052     driverlib_eabi.lib : gpio.obj (.text:GPIO_setPadConfig)
                  0000b7ed    00000012                        : sysctl.obj (.text:CPUTimer_clearOverflowFlag)
                  0000b7ff    00000001     rts2800_fpu32_eabi.lib : startup.c.obj (.text)

MODULE SUMMARY

       Module                        code   ro data   rw data
       ------                        ----   -------   -------
    .\
       pwm_sim.obj                   403    80        6      
    +--+-----------------------------+------+---------+---------+
       Total:                        403    80        6      
                                                             
    .\device\
       device.obj                    1023   19        6      
       F2837xD_CodeStartBranch.obj   10     0         0      
    +--+-----------------------------+------+---------+---------+
       Total:                        1033   19        6      
                                                             
    C:\ti\c2000\C2000Ware_5_04_00_00\driverlib\f2837xd\driverlib\ccs\Debug\driverlib_eabi.lib
       sysctl.obj                    1187   194       0      
       gpio.obj                      310    188       0      
       interrupt.obj                 146    0         0      
    +--+-----------------------------+------+---------+---------+
       Total:                        1643   382       0      
                                                             
    C:\ti\ccs1281\ccs\tools\compiler\ti-cgt-c2000_22.6.1.LTS\lib\rts2800_fpu32_eabi.lib
       fd_add28.asm.obj              156    0         0      
       fd_div28.asm.obj              139    0         0      
       fs_div28.asm.obj              136    0         0      
       copy_decompress_lzss.c.obj    48     0         0      
       exit.c.obj                    41     0         6      
       autoinit.c.obj                43     0         0      
       memcpy.c.obj                  29     0         0      
       fd_toul28.asm.obj             27     0         0      
       boot28.asm.obj                23     0         0      
       u_tofd28.asm.obj              23     0         0      
       fd_sub28.asm.obj              14     0         0      
       _lock.c.obj                   9      0         4      
       copy_zero_init.c.obj          13     0         0      
       args_main.c.obj               12     0         0      
       copy_decompress_none.c.obj    8      0         0      
       pre_init.c.obj                2      0         0      
       startup.c.obj                 1      0         0      
    +--+-----------------------------+------+---------+---------+
       Total:                        724    0         10     
                                                             
       Stack:                        0      0         256    
       Linker Generated:             0      30        0      
    +--+-----------------------------+------+---------+---------+
       Grand Total:                  3803   511       278    


LINKER GENERATED COPY TABLES

__TI_cinit_table @ 0000013e records: 2, size/record: 4, table size: 8
	.data: load addr=00000128, load size=0000000c bytes, run addr=0000a9e2, run size=00000014 bytes, compression=lzss
	.bss: load addr=0000013a, load size=00000004 bytes, run addr=0000a9f6, run size=00000002 bytes, compression=zero_init


LINKER GENERATED HANDLER TABLE

__TI_handler_table @ 00000134 records: 3, size/record: 2, table size: 6
	index: 0, handler: __TI_zero_init
	index: 1, handler: __TI_decompress_lzss
	index: 2, handler: __TI_decompress_none


GLOBAL DATA SYMBOLS: SORTED BY DATA PAGE

address     data page           name
--------    ----------------    ----
00000400      10 (00000400)     __stack

0000a9e2     2a7 (0000a9c0)     Example_Result
0000a9e4     2a7 (0000a9c0)     Example_PassCount
0000a9e6     2a7 (0000a9c0)     Example_Fail
0000a9e8     2a7 (0000a9c0)     __TI_enable_exit_profile_output
0000a9ea     2a7 (0000a9c0)     __TI_cleanup_ptr
0000a9ec     2a7 (0000a9c0)     __TI_dtors_ptr
0000a9ee     2a7 (0000a9c0)     g_pwmControlReg
0000a9f0     2a7 (0000a9c0)     g_dutyCyclePercent
0000a9f2     2a7 (0000a9c0)     _lock
0000a9f4     2a7 (0000a9c0)     _unlock
0000a9f6     2a7 (0000a9c0)     g_timeOn_us
0000a9f7     2a7 (0000a9c0)     g_timeOff_us


GLOBAL SYMBOLS: SORTED ALPHABETICALLY BY Name 

page  address   name                                     
----  -------   ----                                     
0     000084ae  C$$EXIT                                  
0     0000b273  Device_bootCPU2                          
0     0000b242  Device_configureTMXAnalogTrim            
0     0000b0f0  Device_enableAllPeripherals              
0     0000b22c  Device_enableUnbondedGPIOPullups         
0     0000b20f  Device_enableUnbondedGPIOPullupsFor100Pin
0     0000b1fc  Device_enableUnbondedGPIOPullupsFor176Pin
0     0000b0ae  Device_init                              
0     0000b1db  Device_initGPIO                          
1     0000a9e6  Example_Fail                             
1     0000a9e4  Example_PassCount                        
1     0000a9e2  Example_Result                           
0     0000b3fe  Example_done                             
0     0000b3f9  Example_setResultFail                    
0     0000b3f4  Example_setResultPass                    
0     0000837d  GPIO_setControllerCore                   
0     00008422  GPIO_setDirectionMode                    
0     0000b79b  GPIO_setPadConfig                        
0     000083b4  GPIO_setPinConfig                        
0     000083eb  GPIO_setQualificationMode                
0     000085ed  Interrupt_defaultHandler                 
0     00008696  Interrupt_illegalOperationHandler        
0     00008340  Interrupt_initModule                     
0     0000851e  Interrupt_initVectorTable                
0     000086a0  Interrupt_nmiHandler                     
0     00000123  SysCtl_delay                             
0     000082a7  SysCtl_getClock                          
0     0000823f  SysCtl_getDeviceParametric               
0     0000858e  SysCtl_getLowSpeedClock                  
0     000082f8  SysCtl_selectOscSource                   
0     0000809c  SysCtl_selectXTAL                        
0     0000b3ff  SysCtl_setClock                          
0     0000013e  __TI_CINIT_Base                          
0     00000146  __TI_CINIT_Limit                         
0     00000146  __TI_CINIT_Warm                          
0     00000134  __TI_Handler_Table_Base                  
0     0000013a  __TI_Handler_Table_Limit                 
1     00000500  __TI_STACK_END                           
abs   00000100  __TI_STACK_SIZE                          
0     00008483  __TI_auto_init_nobinit_nopinit           
1     0000a9ea  __TI_cleanup_ptr                         
0     00008453  __TI_decompress_lzss                     
0     000086c4  __TI_decompress_none                     
1     0000a9ec  __TI_dtors_ptr                           
1     0000a9e8  __TI_enable_exit_profile_output          
abs   ffffffff  __TI_pprof_out_hndl                      
abs   ffffffff  __TI_prof_data_size                      
abs   ffffffff  __TI_prof_data_start                     
0     00008672  __TI_zero_init_nomemset                  
0     00008000  __c28xabi_addd                           
0     0000812c  __c28xabi_divd                           
0     000081b7  __c28xabi_divf                           
0     00008559  __c28xabi_dtoul                          
0     00008657  __c28xabi_subd                           
0     000085d6  __c28xabi_utod                           
n/a   UNDEFED   __c_args__                               
0     0000b3ed  __error__                                
1     00000400  __stack                                  
0     0000867f  _args_main                               
0     000085bf  _c_int00                                 
1     0000a9f2  _lock                                    
0     000086bb  _nop                                     
0     000086b7  _register_lock                           
0     000086b3  _register_unlock                         
0     0000b7ff  _system_post_cinit                       
0     000086d3  _system_pre_init                         
1     0000a9f4  _unlock                                  
0     000084ae  abort                                    
0     0000b684  calculateCompareValueFromDutyCycle       
0     0000b679  calculatePWMOnOffTimes                   
0     00000000  code_start                               
0     0000b674  disablePWM                               
0     0000b66f  enablePWM                                
0     000084b0  exit                                     
1     0000a9f0  g_dutyCyclePercent                       
1     0000a9ee  g_pwmControlReg                          
1     0000a9f7  g_timeOff_us                             
1     0000a9f6  g_timeOn_us                              
0     0000b6bd  generateSoftwarePWM                      
0     0000b65e  initLEDGPIO                              
0     0000b650  initSystemPeripherals                    
0     0000b63d  main                                     
0     0000853c  memcpy                                   
0     0000b6a5  setPWMDutyCycleAndRegister               


GLOBAL SYMBOLS: SORTED BY Symbol Address 

page  address   name                                     
----  -------   ----                                     
0     00000000  code_start                               
0     00000123  SysCtl_delay                             
0     00000134  __TI_Handler_Table_Base                  
0     0000013a  __TI_Handler_Table_Limit                 
0     0000013e  __TI_CINIT_Base                          
0     00000146  __TI_CINIT_Limit                         
0     00000146  __TI_CINIT_Warm                          
0     00008000  __c28xabi_addd                           
0     0000809c  SysCtl_selectXTAL                        
0     0000812c  __c28xabi_divd                           
0     000081b7  __c28xabi_divf                           
0     0000823f  SysCtl_getDeviceParametric               
0     000082a7  SysCtl_getClock                          
0     000082f8  SysCtl_selectOscSource                   
0     00008340  Interrupt_initModule                     
0     0000837d  GPIO_setControllerCore                   
0     000083b4  GPIO_setPinConfig                        
0     000083eb  GPIO_setQualificationMode                
0     00008422  GPIO_setDirectionMode                    
0     00008453  __TI_decompress_lzss                     
0     00008483  __TI_auto_init_nobinit_nopinit           
0     000084ae  C$$EXIT                                  
0     000084ae  abort                                    
0     000084b0  exit                                     
0     0000851e  Interrupt_initVectorTable                
0     0000853c  memcpy                                   
0     00008559  __c28xabi_dtoul                          
0     0000858e  SysCtl_getLowSpeedClock                  
0     000085bf  _c_int00                                 
0     000085d6  __c28xabi_utod                           
0     000085ed  Interrupt_defaultHandler                 
0     00008657  __c28xabi_subd                           
0     00008672  __TI_zero_init_nomemset                  
0     0000867f  _args_main                               
0     00008696  Interrupt_illegalOperationHandler        
0     000086a0  Interrupt_nmiHandler                     
0     000086b3  _register_unlock                         
0     000086b7  _register_lock                           
0     000086bb  _nop                                     
0     000086c4  __TI_decompress_none                     
0     000086d3  _system_pre_init                         
0     0000b0ae  Device_init                              
0     0000b0f0  Device_enableAllPeripherals              
0     0000b1db  Device_initGPIO                          
0     0000b1fc  Device_enableUnbondedGPIOPullupsFor176Pin
0     0000b20f  Device_enableUnbondedGPIOPullupsFor100Pin
0     0000b22c  Device_enableUnbondedGPIOPullups         
0     0000b242  Device_configureTMXAnalogTrim            
0     0000b273  Device_bootCPU2                          
0     0000b3ed  __error__                                
0     0000b3f4  Example_setResultPass                    
0     0000b3f9  Example_setResultFail                    
0     0000b3fe  Example_done                             
0     0000b3ff  SysCtl_setClock                          
0     0000b63d  main                                     
0     0000b650  initSystemPeripherals                    
0     0000b65e  initLEDGPIO                              
0     0000b66f  enablePWM                                
0     0000b674  disablePWM                               
0     0000b679  calculatePWMOnOffTimes                   
0     0000b684  calculateCompareValueFromDutyCycle       
0     0000b6a5  setPWMDutyCycleAndRegister               
0     0000b6bd  generateSoftwarePWM                      
0     0000b79b  GPIO_setPadConfig                        
0     0000b7ff  _system_post_cinit                       
1     00000400  __stack                                  
1     00000500  __TI_STACK_END                           
1     0000a9e2  Example_Result                           
1     0000a9e4  Example_PassCount                        
1     0000a9e6  Example_Fail                             
1     0000a9e8  __TI_enable_exit_profile_output          
1     0000a9ea  __TI_cleanup_ptr                         
1     0000a9ec  __TI_dtors_ptr                           
1     0000a9ee  g_pwmControlReg                          
1     0000a9f0  g_dutyCyclePercent                       
1     0000a9f2  _lock                                    
1     0000a9f4  _unlock                                  
1     0000a9f6  g_timeOn_us                              
1     0000a9f7  g_timeOff_us                             
abs   00000100  __TI_STACK_SIZE                          
abs   ffffffff  __TI_pprof_out_hndl                      
abs   ffffffff  __TI_prof_data_size                      
abs   ffffffff  __TI_prof_data_start                     
n/a   UNDEFED   __c_args__                               

[84 symbols]
